<?xml version="1.0" encoding="ISO-8859-1" ?>
<link_info>
   <banner>TMS320C2000 Linker PC v20.12.0.STS</banner>
   <copyright>Copyright (c) 1996-2018 Texas Instruments Incorporated</copyright>
   <link_time>0x60830a3f</link_time>
   <link_errors>0x0</link_errors>
   <output_file>thesis.out</output_file>
   <entry_point>
      <name>_c_int00</name>
      <address>0x823a4</address>
   </entry_point>
   <input_file_list>
      <input_file id="fl-2">
         <path>.\</path>
         <kind>object</kind>
         <file>F2837xD_Adc.obj</file>
         <name>F2837xD_Adc.obj</name>
      </input_file>
      <input_file id="fl-3">
         <path>.\</path>
         <kind>object</kind>
         <file>F2837xD_CodeStartBranch.obj</file>
         <name>F2837xD_CodeStartBranch.obj</name>
      </input_file>
      <input_file id="fl-4">
         <path>.\</path>
         <kind>object</kind>
         <file>F2837xD_DefaultISR.obj</file>
         <name>F2837xD_DefaultISR.obj</name>
      </input_file>
      <input_file id="fl-5">
         <path>.\</path>
         <kind>object</kind>
         <file>F2837xD_GlobalVariableDefs.obj</file>
         <name>F2837xD_GlobalVariableDefs.obj</name>
      </input_file>
      <input_file id="fl-6">
         <path>.\</path>
         <kind>object</kind>
         <file>F2837xD_Gpio.obj</file>
         <name>F2837xD_Gpio.obj</name>
      </input_file>
      <input_file id="fl-7">
         <path>.\</path>
         <kind>object</kind>
         <file>F2837xD_PieCtrl.obj</file>
         <name>F2837xD_PieCtrl.obj</name>
      </input_file>
      <input_file id="fl-8">
         <path>.\</path>
         <kind>object</kind>
         <file>F2837xD_PieVect.obj</file>
         <name>F2837xD_PieVect.obj</name>
      </input_file>
      <input_file id="fl-9">
         <path>.\</path>
         <kind>object</kind>
         <file>F2837xD_SysCtrl.obj</file>
         <name>F2837xD_SysCtrl.obj</name>
      </input_file>
      <input_file id="fl-a">
         <path>.\</path>
         <kind>object</kind>
         <file>F2837xD_usDelay.obj</file>
         <name>F2837xD_usDelay.obj</name>
      </input_file>
      <input_file id="fl-b">
         <path>.\</path>
         <kind>object</kind>
         <file>data_fft.obj</file>
         <name>data_fft.obj</name>
      </input_file>
      <input_file id="fl-c">
         <path>.\</path>
         <kind>object</kind>
         <file>main.obj</file>
         <name>main.obj</name>
      </input_file>
      <input_file id="fl-d">
         <path>.\</path>
         <kind>object</kind>
         <file>svm_gen.obj</file>
         <name>svm_gen.obj</name>
      </input_file>
      <input_file id="fl-e">
         <path>.\</path>
         <kind>object</kind>
         <file>tida_01606_CLA.obj</file>
         <name>tida_01606_CLA.obj</name>
      </input_file>
      <input_file id="fl-f">
         <path>.\</path>
         <kind>object</kind>
         <file>tida_01606_Relay_Fan_control.obj</file>
         <name>tida_01606_Relay_Fan_control.obj</name>
      </input_file>
      <input_file id="fl-10">
         <path>.\</path>
         <kind>object</kind>
         <file>tida_01606_SDFM.obj</file>
         <name>tida_01606_SDFM.obj</name>
      </input_file>
      <input_file id="fl-11">
         <path>.\</path>
         <kind>object</kind>
         <file>tida_01606_adc.obj</file>
         <name>tida_01606_adc.obj</name>
      </input_file>
      <input_file id="fl-12">
         <path>.\</path>
         <kind>object</kind>
         <file>tida_01606_comparator_subsystem.obj</file>
         <name>tida_01606_comparator_subsystem.obj</name>
      </input_file>
      <input_file id="fl-13">
         <path>.\</path>
         <kind>object</kind>
         <file>tida_01606_ePWM_power_driver_card.obj</file>
         <name>tida_01606_ePWM_power_driver_card.obj</name>
      </input_file>
      <input_file id="fl-14">
         <path>.\</path>
         <kind>object</kind>
         <file>tida_01606_ePWM_svm.obj</file>
         <name>tida_01606_ePWM_svm.obj</name>
      </input_file>
      <input_file id="fl-15">
         <path>.\</path>
         <kind>object</kind>
         <file>tida_01606_protection.obj</file>
         <name>tida_01606_protection.obj</name>
      </input_file>
      <input_file id="fl-1c">
         <kind>object</kind>
         <file>&lt;internal&gt;</file>
         <name>&lt;internal&gt;</name>
      </input_file>
      <input_file id="fl-1d">
         <path>C:\ti\TI_header_file\Lib\</path>
         <kind>archive</kind>
         <file>cla1_math_library_datarom_fpu32_eabi.lib</file>
         <name>CLAcos.obj</name>
      </input_file>
      <input_file id="fl-1e">
         <path>C:\ti\TI_header_file\Lib\</path>
         <kind>archive</kind>
         <file>cla1_math_library_datarom_fpu32_eabi.lib</file>
         <name>CLAdiv.obj</name>
      </input_file>
      <input_file id="fl-1f">
         <path>C:\ti\TI_header_file\Lib\</path>
         <kind>archive</kind>
         <file>cla1_math_library_datarom_fpu32_eabi.lib</file>
         <name>CLAsin.obj</name>
      </input_file>
      <input_file id="fl-20">
         <path>C:\ti\TI_header_file\Lib\</path>
         <kind>archive</kind>
         <file>F2837xRevB_c1bootROM_CLADataROMSymbols_eabi_fpu32.lib</file>
         <name>F2837x_cpu01_bootROM_REVB_out_CLAsincosTable_Coef0_tmp.obj</name>
      </input_file>
      <input_file id="fl-21">
         <path>C:\ti\TI_header_file\Lib\</path>
         <kind>archive</kind>
         <file>F2837xRevB_c1bootROM_CLADataROMSymbols_eabi_fpu32.lib</file>
         <name>F2837x_cpu01_bootROM_REVB_out_CLAsincosTable_Coef1_pos_tmp.obj</name>
      </input_file>
      <input_file id="fl-22">
         <path>C:\ti\TI_header_file\Lib\</path>
         <kind>archive</kind>
         <file>F2837xRevB_c1bootROM_CLADataROMSymbols_eabi_fpu32.lib</file>
         <name>F2837x_cpu01_bootROM_REVB_out_CLAsincosTable_Coef1_tmp.obj</name>
      </input_file>
      <input_file id="fl-23">
         <path>C:\ti\TI_header_file\Lib\</path>
         <kind>archive</kind>
         <file>F2837xRevB_c1bootROM_CLADataROMSymbols_eabi_fpu32.lib</file>
         <name>F2837x_cpu01_bootROM_REVB_out_CLAsincosTable_Coef2_tmp.obj</name>
      </input_file>
      <input_file id="fl-24">
         <path>C:\ti\TI_header_file\Lib\</path>
         <kind>archive</kind>
         <file>F2837xRevB_c1bootROM_CLADataROMSymbols_eabi_fpu32.lib</file>
         <name>F2837x_cpu01_bootROM_REVB_out_CLAsincosTable_Coef3_neg_tmp.obj</name>
      </input_file>
      <input_file id="fl-25">
         <path>C:\ti\TI_header_file\Lib\</path>
         <kind>archive</kind>
         <file>F2837xRevB_c1bootROM_CLADataROMSymbols_eabi_fpu32.lib</file>
         <name>F2837x_cpu01_bootROM_REVB_out_CLAsincosTable_Coef3_tmp.obj</name>
      </input_file>
      <input_file id="fl-26">
         <path>C:\ti\TI_header_file\Lib\</path>
         <kind>archive</kind>
         <file>F2837xRevB_c1bootROM_CLADataROMSymbols_eabi_fpu32.lib</file>
         <name>F2837x_cpu01_bootROM_REVB_out_CLAsincosTable_Cos0_tmp.obj</name>
      </input_file>
      <input_file id="fl-27">
         <path>C:\ti\TI_header_file\Lib\</path>
         <kind>archive</kind>
         <file>F2837xRevB_c1bootROM_CLADataROMSymbols_eabi_fpu32.lib</file>
         <name>F2837x_cpu01_bootROM_REVB_out_CLAsincosTable_Sin0_tmp.obj</name>
      </input_file>
      <input_file id="fl-28">
         <path>C:\ti\TI_header_file\Lib\</path>
         <kind>archive</kind>
         <file>F2837xRevB_c1bootROM_CLADataROMSymbols_eabi_fpu32.lib</file>
         <name>F2837x_cpu01_bootROM_REVB_out_CLAsincosTable_TABLE_MASK_tmp.obj</name>
      </input_file>
      <input_file id="fl-29">
         <path>C:\ti\TI_header_file\Lib\</path>
         <kind>archive</kind>
         <file>F2837xRevB_c1bootROM_CLADataROMSymbols_eabi_fpu32.lib</file>
         <name>F2837x_cpu01_bootROM_REVB_out_CLAsincosTable_TABLE_SIZEDivTwoPi_tmp.obj</name>
      </input_file>
      <input_file id="fl-2a">
         <path>C:\ti\TI_header_file\Lib\</path>
         <kind>archive</kind>
         <file>F2837xRevB_c1bootROM_CLADataROMSymbols_eabi_fpu32.lib</file>
         <name>F2837x_cpu01_bootROM_REVB_out_CLAsincosTable_TwoPiDivTABLE_SIZE_tmp.obj</name>
      </input_file>
      <input_file id="fl-37">
         <path>C:\ti\ccs1000\ccs\tools\compiler\lib\</path>
         <kind>archive</kind>
         <file>rts2800_fpu32_eabi.lib</file>
         <name>boot28.asm.obj</name>
      </input_file>
      <input_file id="fl-38">
         <path>C:\ti\ccs1000\ccs\tools\compiler\lib\</path>
         <kind>archive</kind>
         <file>rts2800_fpu32_eabi.lib</file>
         <name>ll_cmp28.asm.obj</name>
      </input_file>
      <input_file id="fl-39">
         <path>C:\ti\ccs1000\ccs\tools\compiler\lib\</path>
         <kind>archive</kind>
         <file>rts2800_fpu32_eabi.lib</file>
         <name>memcpy.c.obj</name>
      </input_file>
      <input_file id="fl-3a">
         <path>C:\ti\ccs1000\ccs\tools\compiler\lib\</path>
         <kind>archive</kind>
         <file>rts2800_fpu32_eabi.lib</file>
         <name>pre_init.c.obj</name>
      </input_file>
      <input_file id="fl-3b">
         <path>C:\ti\ccs1000\ccs\tools\compiler\lib\</path>
         <kind>archive</kind>
         <file>rts2800_fpu32_eabi.lib</file>
         <name>autoinit.c.obj</name>
      </input_file>
      <input_file id="fl-3c">
         <path>C:\ti\ccs1000\ccs\tools\compiler\lib\</path>
         <kind>archive</kind>
         <file>rts2800_fpu32_eabi.lib</file>
         <name>copy_zero_init.c.obj</name>
      </input_file>
      <input_file id="fl-3d">
         <path>C:\ti\ccs1000\ccs\tools\compiler\lib\</path>
         <kind>archive</kind>
         <file>rts2800_fpu32_eabi.lib</file>
         <name>copy_decompress_none.c.obj</name>
      </input_file>
      <input_file id="fl-3e">
         <path>C:\ti\ccs1000\ccs\tools\compiler\lib\</path>
         <kind>archive</kind>
         <file>rts2800_fpu32_eabi.lib</file>
         <name>copy_decompress_lzss.c.obj</name>
      </input_file>
      <input_file id="fl-3f">
         <path>C:\ti\ccs1000\ccs\tools\compiler\lib\</path>
         <kind>archive</kind>
         <file>rts2800_fpu32_eabi.lib</file>
         <name>exit.c.obj</name>
      </input_file>
      <input_file id="fl-40">
         <path>C:\ti\ccs1000\ccs\tools\compiler\lib\</path>
         <kind>archive</kind>
         <file>rts2800_fpu32_eabi.lib</file>
         <name>_lock.c.obj</name>
      </input_file>
      <input_file id="fl-41">
         <path>C:\ti\ccs1000\ccs\tools\compiler\lib\</path>
         <kind>archive</kind>
         <file>rts2800_fpu32_eabi.lib</file>
         <name>args_main.c.obj</name>
      </input_file>
      <input_file id="fl-42">
         <path>C:\ti\ccs1000\ccs\tools\compiler\lib\</path>
         <kind>archive</kind>
         <file>rts2800_fpu32_eabi.lib</file>
         <name>memset.c.obj</name>
      </input_file>
      <input_file id="fl-43">
         <path>C:\ti\ccs1000\ccs\tools\compiler\lib\</path>
         <kind>archive</kind>
         <file>rts2800_fpu32_eabi.lib</file>
         <name>cpy_tbl.c.obj</name>
      </input_file>
      <input_file id="fl-44">
         <path>C:\ti\ccs1000\ccs\tools\compiler\lib\</path>
         <kind>archive</kind>
         <file>rts2800_fpu32_eabi.lib</file>
         <name>startup.c.obj</name>
      </input_file>
   </input_file_list>
   <object_component_list>
      <object_component id="oc-179">
         <name>PieVectTableFile</name>
         <uninitialized>true</uninitialized>
         <run_address>0xd00</run_address>
         <size>0x1c0</size>
         <input_file_ref idref="fl-5"/>
      </object_component>
      <object_component id="oc-313">
         <name>AdcaRegsFile</name>
         <uninitialized>true</uninitialized>
         <run_address>0x7400</run_address>
         <size>0x7c</size>
         <input_file_ref idref="fl-5"/>
      </object_component>
      <object_component id="oc-316">
         <name>AdcbRegsFile</name>
         <uninitialized>true</uninitialized>
         <run_address>0x7480</run_address>
         <size>0x7c</size>
         <input_file_ref idref="fl-5"/>
      </object_component>
      <object_component id="oc-319">
         <name>AdccRegsFile</name>
         <uninitialized>true</uninitialized>
         <run_address>0x7500</run_address>
         <size>0x7c</size>
         <input_file_ref idref="fl-5"/>
      </object_component>
      <object_component id="oc-115">
         <name>AdcdRegsFile</name>
         <uninitialized>true</uninitialized>
         <run_address>0x7580</run_address>
         <size>0x7c</size>
         <input_file_ref idref="fl-5"/>
      </object_component>
      <object_component id="oc-118">
         <name>AdcaResultRegsFile</name>
         <uninitialized>true</uninitialized>
         <run_address>0xb00</run_address>
         <size>0x18</size>
         <input_file_ref idref="fl-5"/>
      </object_component>
      <object_component id="oc-121">
         <name>AdcbResultRegsFile</name>
         <uninitialized>true</uninitialized>
         <run_address>0xb20</run_address>
         <size>0x18</size>
         <input_file_ref idref="fl-5"/>
      </object_component>
      <object_component id="oc-11b">
         <name>AdccResultRegsFile</name>
         <uninitialized>true</uninitialized>
         <run_address>0xb40</run_address>
         <size>0x18</size>
         <input_file_ref idref="fl-5"/>
      </object_component>
      <object_component id="oc-11e">
         <name>AdcdResultRegsFile</name>
         <uninitialized>true</uninitialized>
         <run_address>0xb60</run_address>
         <size>0x18</size>
         <input_file_ref idref="fl-5"/>
      </object_component>
      <object_component id="oc-2ea">
         <name>AnalogSubsysRegsFile</name>
         <uninitialized>true</uninitialized>
         <run_address>0x5d180</run_address>
         <size>0x3e</size>
         <input_file_ref idref="fl-5"/>
      </object_component>
      <object_component id="oc-176">
         <name>Cla1RegsFile</name>
         <uninitialized>true</uninitialized>
         <run_address>0x1400</run_address>
         <size>0x3e</size>
         <input_file_ref idref="fl-5"/>
      </object_component>
      <object_component id="oc-2f3">
         <name>ClkCfgRegsFile</name>
         <uninitialized>true</uninitialized>
         <run_address>0x5d200</run_address>
         <size>0x32</size>
         <input_file_ref idref="fl-5"/>
      </object_component>
      <object_component id="oc-2f6">
         <name>CpuTimer1RegsFile</name>
         <uninitialized>true</uninitialized>
         <run_address>0xc08</run_address>
         <size>0x8</size>
         <input_file_ref idref="fl-5"/>
      </object_component>
      <object_component id="oc-2f9">
         <name>CpuTimer2RegsFile</name>
         <uninitialized>true</uninitialized>
         <run_address>0xc10</run_address>
         <size>0x8</size>
         <input_file_ref idref="fl-5"/>
      </object_component>
      <object_component id="oc-29c">
         <name>CpuSysRegsFile</name>
         <uninitialized>true</uninitialized>
         <run_address>0x5d300</run_address>
         <size>0x82</size>
         <input_file_ref idref="fl-5"/>
      </object_component>
      <object_component id="oc-2fc">
         <name>DcsmZ1RegsFile</name>
         <uninitialized>true</uninitialized>
         <run_address>0x5f000</run_address>
         <size>0x22</size>
         <input_file_ref idref="fl-5"/>
      </object_component>
      <object_component id="oc-2ff">
         <name>DcsmZ2RegsFile</name>
         <uninitialized>true</uninitialized>
         <run_address>0x5f040</run_address>
         <size>0x22</size>
         <input_file_ref idref="fl-5"/>
      </object_component>
      <object_component id="oc-2e7">
         <name>DevCfgRegsFile</name>
         <uninitialized>true</uninitialized>
         <run_address>0x5d000</run_address>
         <size>0x12e</size>
         <input_file_ref idref="fl-5"/>
      </object_component>
      <object_component id="oc-327">
         <name>ECap1RegsFile</name>
         <uninitialized>true</uninitialized>
         <run_address>0x5000</run_address>
         <size>0x1a</size>
         <input_file_ref idref="fl-5"/>
      </object_component>
      <object_component id="oc-130">
         <name>EPwm1RegsFile</name>
         <uninitialized>true</uninitialized>
         <run_address>0x4000</run_address>
         <size>0x100</size>
         <input_file_ref idref="fl-5"/>
      </object_component>
      <object_component id="oc-1fd">
         <name>EPwm2RegsFile</name>
         <uninitialized>true</uninitialized>
         <run_address>0x4100</run_address>
         <size>0x100</size>
         <input_file_ref idref="fl-5"/>
      </object_component>
      <object_component id="oc-200">
         <name>EPwm3RegsFile</name>
         <uninitialized>true</uninitialized>
         <run_address>0x4200</run_address>
         <size>0x100</size>
         <input_file_ref idref="fl-5"/>
      </object_component>
      <object_component id="oc-203">
         <name>EPwm4RegsFile</name>
         <uninitialized>true</uninitialized>
         <run_address>0x4300</run_address>
         <size>0x100</size>
         <input_file_ref idref="fl-5"/>
      </object_component>
      <object_component id="oc-32c">
         <name>EPwm6RegsFile</name>
         <uninitialized>true</uninitialized>
         <run_address>0x4500</run_address>
         <size>0x100</size>
         <input_file_ref idref="fl-5"/>
      </object_component>
      <object_component id="oc-206">
         <name>EPwm7RegsFile</name>
         <uninitialized>true</uninitialized>
         <run_address>0x4600</run_address>
         <size>0x100</size>
         <input_file_ref idref="fl-5"/>
      </object_component>
      <object_component id="oc-209">
         <name>EPwm8RegsFile</name>
         <uninitialized>true</uninitialized>
         <run_address>0x4700</run_address>
         <size>0x100</size>
         <input_file_ref idref="fl-5"/>
      </object_component>
      <object_component id="oc-345">
         <name>Flash0CtrlRegsFile</name>
         <uninitialized>true</uninitialized>
         <run_address>0x5f800</run_address>
         <size>0x182</size>
         <input_file_ref idref="fl-5"/>
      </object_component>
      <object_component id="oc-348">
         <name>Flash0EccRegsFile</name>
         <uninitialized>true</uninitialized>
         <run_address>0x5fb00</run_address>
         <size>0x28</size>
         <input_file_ref idref="fl-5"/>
      </object_component>
      <object_component id="oc-2ed">
         <name>FlashPumpSemaphoreRegsFile</name>
         <uninitialized>true</uninitialized>
         <run_address>0x50024</run_address>
         <size>0x2</size>
         <input_file_ref idref="fl-5"/>
      </object_component>
      <object_component id="oc-304">
         <name>GpioCtrlRegsFile</name>
         <uninitialized>true</uninitialized>
         <run_address>0x7c00</run_address>
         <size>0x180</size>
         <input_file_ref idref="fl-5"/>
      </object_component>
      <object_component id="oc-106">
         <name>GpioDataRegsFile</name>
         <uninitialized>true</uninitialized>
         <run_address>0x7f00</run_address>
         <size>0x30</size>
         <input_file_ref idref="fl-5"/>
      </object_component>
      <object_component id="oc-307">
         <name>InputXbarRegsFile</name>
         <uninitialized>true</uninitialized>
         <run_address>0x7900</run_address>
         <size>0x20</size>
         <input_file_ref idref="fl-5"/>
      </object_component>
      <object_component id="oc-173">
         <name>MemCfgRegsFile</name>
         <uninitialized>true</uninitialized>
         <run_address>0x5f400</run_address>
         <size>0x76</size>
         <input_file_ref idref="fl-5"/>
      </object_component>
      <object_component id="oc-324">
         <name>OutputXbarRegsFile</name>
         <uninitialized>true</uninitialized>
         <run_address>0x7a80</run_address>
         <size>0x40</size>
         <input_file_ref idref="fl-5"/>
      </object_component>
      <object_component id="oc-112">
         <name>PieCtrlRegsFile</name>
         <uninitialized>true</uninitialized>
         <run_address>0xce0</run_address>
         <size>0x1a</size>
         <input_file_ref idref="fl-5"/>
      </object_component>
      <object_component id="oc-2f0">
         <name>WdRegsFile</name>
         <uninitialized>true</uninitialized>
         <run_address>0x7000</run_address>
         <size>0x2b</size>
         <input_file_ref idref="fl-5"/>
      </object_component>
      <object_component id="oc-133">
         <name>.text</name>
         <load_address>0x80008</load_address>
         <run_address>0x80008</run_address>
         <size>0xb2b</size>
         <input_file_ref idref="fl-d"/>
      </object_component>
      <object_component id="oc-be">
         <name>.text:retain</name>
         <load_address>0x80b33</load_address>
         <run_address>0x80b33</run_address>
         <size>0x585</size>
         <input_file_ref idref="fl-4"/>
      </object_component>
      <object_component id="oc-c7">
         <name>.text:retain</name>
         <load_address>0x810b8</load_address>
         <run_address>0x810b8</run_address>
         <size>0x573</size>
         <input_file_ref idref="fl-b"/>
      </object_component>
      <object_component id="oc-260">
         <name>.text</name>
         <load_address>0x8162b</load_address>
         <run_address>0x8162b</run_address>
         <size>0x4b3</size>
         <input_file_ref idref="fl-9"/>
      </object_component>
      <object_component id="oc-266">
         <name>.text</name>
         <load_address>0x81ade</load_address>
         <run_address>0x81ade</run_address>
         <size>0x244</size>
         <input_file_ref idref="fl-6"/>
      </object_component>
      <object_component id="oc-296">
         <name>.text</name>
         <load_address>0x81d22</load_address>
         <run_address>0x81d22</run_address>
         <size>0x164</size>
         <input_file_ref idref="fl-14"/>
      </object_component>
      <object_component id="oc-284">
         <name>.text</name>
         <load_address>0x81e86</load_address>
         <run_address>0x81e86</run_address>
         <size>0x140</size>
         <input_file_ref idref="fl-11"/>
      </object_component>
      <object_component id="oc-31c">
         <name>.text</name>
         <load_address>0x81fc6</load_address>
         <run_address>0x81fc6</run_address>
         <size>0xf0</size>
         <input_file_ref idref="fl-2"/>
      </object_component>
      <object_component id="oc-c8">
         <name>.text</name>
         <load_address>0x820b6</load_address>
         <run_address>0x820b6</run_address>
         <size>0x97</size>
         <input_file_ref idref="fl-b"/>
      </object_component>
      <object_component id="oc-290">
         <name>.text</name>
         <load_address>0x8214d</load_address>
         <run_address>0x8214d</run_address>
         <size>0x6e</size>
         <input_file_ref idref="fl-13"/>
      </object_component>
      <object_component id="oc-278">
         <name>.text</name>
         <load_address>0x821bb</load_address>
         <run_address>0x821bb</run_address>
         <size>0x4e</size>
         <input_file_ref idref="fl-15"/>
      </object_component>
      <object_component id="oc-27e">
         <name>.text</name>
         <load_address>0x82209</load_address>
         <run_address>0x82209</run_address>
         <size>0x40</size>
         <input_file_ref idref="fl-f"/>
      </object_component>
      <object_component id="oc-1c2">
         <name>.text</name>
         <load_address>0x82249</load_address>
         <run_address>0x82249</run_address>
         <size>0x39</size>
         <input_file_ref idref="fl-c"/>
      </object_component>
      <object_component id="oc-28a">
         <name>.text</name>
         <load_address>0x82282</load_address>
         <run_address>0x82282</run_address>
         <size>0x32</size>
         <input_file_ref idref="fl-10"/>
      </object_component>
      <object_component id="oc-93">
         <name>.text:decompress:lzss</name>
         <load_address>0x822b4</load_address>
         <run_address>0x822b4</run_address>
         <size>0x31</size>
         <input_file_ref idref="fl-3e"/>
      </object_component>
      <object_component id="oc-192">
         <name>.text:__TI_auto_init_nobinit_nopinit</name>
         <load_address>0x822e5</load_address>
         <run_address>0x822e5</run_address>
         <size>0x2b</size>
         <input_file_ref idref="fl-3b"/>
      </object_component>
      <object_component id="oc-f7">
         <name>.text</name>
         <load_address>0x82310</load_address>
         <run_address>0x82310</run_address>
         <size>0x29</size>
         <input_file_ref idref="fl-3f"/>
      </object_component>
      <object_component id="oc-26c">
         <name>.text</name>
         <load_address>0x82339</load_address>
         <run_address>0x82339</run_address>
         <size>0x28</size>
         <input_file_ref idref="fl-7"/>
      </object_component>
      <object_component id="oc-272">
         <name>.text</name>
         <load_address>0x82361</load_address>
         <run_address>0x82361</run_address>
         <size>0x26</size>
         <input_file_ref idref="fl-8"/>
      </object_component>
      <object_component id="oc-d6">
         <name>.text</name>
         <load_address>0x82387</load_address>
         <run_address>0x82387</run_address>
         <size>0x1d</size>
         <input_file_ref idref="fl-39"/>
      </object_component>
      <object_component id="oc-a0">
         <name>.text</name>
         <load_address>0x823a4</load_address>
         <run_address>0x823a4</run_address>
         <size>0x17</size>
         <input_file_ref idref="fl-37"/>
      </object_component>
      <object_component id="oc-f1">
         <name>.text</name>
         <load_address>0x823bb</load_address>
         <run_address>0x823bb</run_address>
         <size>0xc</size>
         <input_file_ref idref="fl-41"/>
      </object_component>
      <object_component id="oc-13c">
         <name>.text:__relaxed_sqrtf</name>
         <load_address>0x823c7</load_address>
         <run_address>0x823c7</run_address>
         <size>0x9</size>
         <input_file_ref idref="fl-b"/>
      </object_component>
      <object_component id="oc-2a6">
         <name>.text</name>
         <load_address>0x823d0</load_address>
         <run_address>0x823d0</run_address>
         <size>0x9</size>
         <input_file_ref idref="fl-40"/>
      </object_component>
      <object_component id="oc-99">
         <name>.text:decompress:none</name>
         <load_address>0x823d9</load_address>
         <run_address>0x823d9</run_address>
         <size>0x8</size>
         <input_file_ref idref="fl-3d"/>
      </object_component>
      <object_component id="oc-189">
         <name>.text</name>
         <load_address>0x823e1</load_address>
         <run_address>0x823e1</run_address>
         <size>0x7</size>
         <input_file_ref idref="fl-42"/>
      </object_component>
      <object_component id="oc-e4">
         <name>.text:decompress:ZI</name>
         <load_address>0x823e8</load_address>
         <run_address>0x823e8</run_address>
         <size>0x6</size>
         <input_file_ref idref="fl-3c"/>
      </object_component>
      <object_component id="oc-ea">
         <name>.text</name>
         <load_address>0x823ee</load_address>
         <run_address>0x823ee</run_address>
         <size>0x2</size>
         <input_file_ref idref="fl-3a"/>
      </object_component>
      <object_component id="oc-24b">
         <name>.text</name>
         <load_address>0x823f0</load_address>
         <run_address>0x823f0</run_address>
         <size>0x1</size>
         <input_file_ref idref="fl-44"/>
      </object_component>
      <object_component id="oc-438">
         <name>.cinit..data.load</name>
         <load_address>0x82ac0</load_address>
         <run_address>0x82ac0</run_address>
         <size>0x14</size>
      </object_component>
      <object_component id="oc-435">
         <name>__TI_handler_table</name>
         <load_address>0x82ad4</load_address>
         <run_address>0x82ad4</run_address>
         <size>0x6</size>
      </object_component>
      <object_component id="oc-437">
         <name>.cinit..bss.load</name>
         <load_address>0x82ada</load_address>
         <run_address>0x82ada</run_address>
         <size>0x4</size>
      </object_component>
      <object_component id="oc-43c">
         <name>.cinit..bss_cla.load</name>
         <load_address>0x82ade</load_address>
         <run_address>0x82ade</run_address>
         <size>0x4</size>
      </object_component>
      <object_component id="oc-43b">
         <name>.cinit..scratchpad.load</name>
         <load_address>0x82ae2</load_address>
         <run_address>0x82ae2</run_address>
         <size>0x4</size>
      </object_component>
      <object_component id="oc-439">
         <name>.cinit.Cla1ToCpuMsgRAM.load</name>
         <load_address>0x82ae6</load_address>
         <run_address>0x82ae6</run_address>
         <size>0x4</size>
      </object_component>
      <object_component id="oc-43a">
         <name>.cinit.CpuToCla1MsgRAM.load</name>
         <load_address>0x82aea</load_address>
         <run_address>0x82aea</run_address>
         <size>0x4</size>
      </object_component>
      <object_component id="oc-43d">
         <name>.cinit.Test_memory.load</name>
         <load_address>0x82aee</load_address>
         <run_address>0x82aee</run_address>
         <size>0x4</size>
      </object_component>
      <object_component id="oc-436">
         <name>__TI_cinit_table</name>
         <load_address>0x82af4</load_address>
         <run_address>0x82af4</run_address>
         <size>0x1c</size>
      </object_component>
      <object_component id="oc-127">
         <name>.const:a_input</name>
         <load_address>0x828e8</load_address>
         <run_address>0x828e8</run_address>
         <size>0xa</size>
         <input_file_ref idref="fl-b"/>
      </object_component>
      <object_component id="oc-12a">
         <name>.const:s_input</name>
         <load_address>0x828f2</load_address>
         <run_address>0x828f2</run_address>
         <size>0x6</size>
         <input_file_ref idref="fl-b"/>
      </object_component>
      <object_component id="oc-12d">
         <name>.const:b_output</name>
         <load_address>0x828f8</load_address>
         <run_address>0x828f8</run_address>
         <size>0x4</size>
         <input_file_ref idref="fl-b"/>
      </object_component>
      <object_component id="oc-c4">
         <name>.const</name>
         <load_address>0x82900</load_address>
         <run_address>0x82900</run_address>
         <size>0x1c0</size>
         <input_file_ref idref="fl-8"/>
      </object_component>
      <object_component id="oc-d3">
         <name>.stack</name>
         <uninitialized>true</uninitialized>
         <run_address>0x400</run_address>
         <size>0x0</size>
         <input_file_ref idref="fl-37"/>
      </object_component>
      <object_component id="oc-43e">
         <name>.stack</name>
         <uninitialized>true</uninitialized>
         <run_address>0x400</run_address>
         <size>0x0</size>
      </object_component>
      <object_component id="oc-124">
         <name>.bss</name>
         <uninitialized>true</uninitialized>
         <run_address>0xb800</run_address>
         <size>0x2c</size>
         <input_file_ref idref="fl-b"/>
      </object_component>
      <object_component id="oc-1df">
         <name>.bss</name>
         <uninitialized>true</uninitialized>
         <run_address>0xb840</run_address>
         <size>0x20</size>
         <input_file_ref idref="fl-d"/>
      </object_component>
      <object_component id="oc-103">
         <name>.data</name>
         <load_address>0xb86a</load_address>
         <run_address>0xb86a</run_address>
         <size>0x6</size>
         <input_file_ref idref="fl-b"/>
      </object_component>
      <object_component id="oc-10c">
         <name>.data</name>
         <load_address>0xb860</load_address>
         <run_address>0xb860</run_address>
         <size>0xa</size>
         <input_file_ref idref="fl-d"/>
      </object_component>
      <object_component id="oc-1ca">
         <name>.data</name>
         <load_address>0xb870</load_address>
         <run_address>0xb870</run_address>
         <size>0x6</size>
         <input_file_ref idref="fl-3f"/>
      </object_component>
      <object_component id="oc-1cd">
         <name>.data:_lock</name>
         <load_address>0xb876</load_address>
         <run_address>0xb876</run_address>
         <size>0x2</size>
         <input_file_ref idref="fl-40"/>
      </object_component>
      <object_component id="oc-338">
         <name>.data:_unlock</name>
         <load_address>0xb878</load_address>
         <run_address>0xb878</run_address>
         <size>0x2</size>
         <input_file_ref idref="fl-40"/>
      </object_component>
      <object_component id="oc-143">
         <name>Cla1Prog:Cla1Task1</name>
         <load_address>0x82430</load_address>
         <run_address>0x9800</run_address>
         <size>0x396</size>
         <input_file_ref idref="fl-e"/>
      </object_component>
      <object_component id="oc-16d">
         <name>Cla1Prog:Cla1Task8</name>
         <load_address>0x827c6</load_address>
         <run_address>0x9b96</run_address>
         <size>0x64</size>
         <input_file_ref idref="fl-e"/>
      </object_component>
      <object_component id="oc-21d">
         <name>Cla1Prog:_CLAcos</name>
         <load_address>0x8282a</load_address>
         <run_address>0x9bfa</run_address>
         <size>0x38</size>
         <input_file_ref idref="fl-1d"/>
      </object_component>
      <object_component id="oc-222">
         <name>Cla1Prog:_CLAsin</name>
         <load_address>0x82862</load_address>
         <run_address>0x9c32</run_address>
         <size>0x38</size>
         <input_file_ref idref="fl-1f"/>
      </object_component>
      <object_component id="oc-212">
         <name>Cla1Prog:_CLAdiv</name>
         <load_address>0x8289a</load_address>
         <run_address>0x9c6a</run_address>
         <size>0x1a</size>
         <input_file_ref idref="fl-1e"/>
      </object_component>
      <object_component id="oc-149">
         <name>Cla1Prog:Cla1Task2</name>
         <load_address>0x828b4</load_address>
         <run_address>0x9c84</run_address>
         <size>0x8</size>
         <input_file_ref idref="fl-e"/>
      </object_component>
      <object_component id="oc-14f">
         <name>Cla1Prog:Cla1Task3</name>
         <load_address>0x828bc</load_address>
         <run_address>0x9c8c</run_address>
         <size>0x8</size>
         <input_file_ref idref="fl-e"/>
      </object_component>
      <object_component id="oc-155">
         <name>Cla1Prog:Cla1Task4</name>
         <load_address>0x828c4</load_address>
         <run_address>0x9c94</run_address>
         <size>0x8</size>
         <input_file_ref idref="fl-e"/>
      </object_component>
      <object_component id="oc-15b">
         <name>Cla1Prog:Cla1Task5</name>
         <load_address>0x828cc</load_address>
         <run_address>0x9c9c</run_address>
         <size>0x8</size>
         <input_file_ref idref="fl-e"/>
      </object_component>
      <object_component id="oc-161">
         <name>Cla1Prog:Cla1Task6</name>
         <load_address>0x828d4</load_address>
         <run_address>0x9ca4</run_address>
         <size>0x8</size>
         <input_file_ref idref="fl-e"/>
      </object_component>
      <object_component id="oc-167">
         <name>Cla1Prog:Cla1Task7</name>
         <load_address>0x828dc</load_address>
         <run_address>0x9cac</run_address>
         <size>0x8</size>
         <input_file_ref idref="fl-e"/>
      </object_component>
      <object_component id="oc-10f">
         <name>Cla1ToCpuMsgRAM</name>
         <uninitialized>true</uninitialized>
         <run_address>0x1480</run_address>
         <size>0x20</size>
         <input_file_ref idref="fl-b"/>
      </object_component>
      <object_component id="oc-109">
         <name>CpuToCla1MsgRAM</name>
         <uninitialized>true</uninitialized>
         <run_address>0x1500</run_address>
         <size>0x24</size>
         <input_file_ref idref="fl-b"/>
      </object_component>
      <object_component id="oc-2e1">
         <name>.TI.ramfunc</name>
         <load_address>0x823f8</load_address>
         <run_address>0xb000</run_address>
         <size>0x37</size>
         <input_file_ref idref="fl-9"/>
      </object_component>
      <object_component id="oc-22d">
         <name>.scratchpad:Cla1Prog:Cla1Task1</name>
         <uninitialized>true</uninitialized>
         <run_address>0x8800</run_address>
         <size>0x4</size>
         <input_file_ref idref="fl-e"/>
      </object_component>
      <object_component id="oc-2cc">
         <name>.scratchpad:Cla1Prog:_CLAcos</name>
         <uninitialized>true</uninitialized>
         <run_address>0x8804</run_address>
         <size>0x2</size>
         <input_file_ref idref="fl-1d"/>
      </object_component>
      <object_component id="oc-2c6">
         <name>.scratchpad:Cla1Prog:_CLAdiv</name>
         <uninitialized>true</uninitialized>
         <run_address>0x8804</run_address>
         <size>0x4</size>
         <input_file_ref idref="fl-1e"/>
      </object_component>
      <object_component id="oc-2ce">
         <name>.scratchpad:Cla1Prog:_CLAsin</name>
         <uninitialized>true</uninitialized>
         <run_address>0x8804</run_address>
         <size>0x2</size>
         <input_file_ref idref="fl-1f"/>
      </object_component>
      <object_component id="oc-217">
         <name>.bss_cla:alpha</name>
         <uninitialized>true</uninitialized>
         <run_address>0x9018</run_address>
         <size>0x12</size>
         <input_file_ref idref="fl-e"/>
      </object_component>
      <object_component id="oc-21a">
         <name>.bss_cla:beta</name>
         <uninitialized>true</uninitialized>
         <run_address>0x902a</run_address>
         <size>0x12</size>
         <input_file_ref idref="fl-e"/>
      </object_component>
      <object_component id="oc-22a">
         <name>.bss_cla:current_var</name>
         <uninitialized>true</uninitialized>
         <run_address>0x9000</run_address>
         <size>0x18</size>
         <input_file_ref idref="fl-e"/>
      </object_component>
      <object_component id="oc-20f">
         <name>.bss_cla:clarke_var</name>
         <uninitialized>true</uninitialized>
         <run_address>0x903c</run_address>
         <size>0xc</size>
         <input_file_ref idref="fl-e"/>
      </object_component>
      <object_component id="oc-227">
         <name>.bss_cla:park_var</name>
         <uninitialized>true</uninitialized>
         <run_address>0x9048</run_address>
         <size>0x8</size>
         <input_file_ref idref="fl-e"/>
      </object_component>
      <object_component id="oc-139">
         <name>Test_memory</name>
         <uninitialized>true</uninitialized>
         <run_address>0xc000</run_address>
         <size>0x12c0</size>
         <input_file_ref idref="fl-b"/>
      </object_component>
      <object_component id="oc-378">
         <name>.debug_types</name>
         <load_address>0x0</load_address>
         <run_address>0x0</run_address>
         <size>0x52e6</size>
         <input_file_ref idref="fl-2"/>
      </object_component>
      <object_component id="oc-ff">
         <name>.debug_types</name>
         <load_address>0x0</load_address>
         <run_address>0x0</run_address>
         <size>0x0</size>
         <input_file_ref idref="fl-4"/>
      </object_component>
      <object_component id="oc-1dc">
         <name>.debug_types</name>
         <load_address>0x52e6</load_address>
         <run_address>0x52e6</run_address>
         <size>0x5accc</size>
         <input_file_ref idref="fl-5"/>
      </object_component>
      <object_component id="oc-30b">
         <name>.debug_types</name>
         <load_address>0x5ffb2</load_address>
         <run_address>0x5ffb2</run_address>
         <size>0x5a</size>
         <input_file_ref idref="fl-6"/>
      </object_component>
      <object_component id="oc-30d">
         <name>.debug_types</name>
         <load_address>0x0</load_address>
         <run_address>0x0</run_address>
         <size>0x0</size>
         <input_file_ref idref="fl-7"/>
      </object_component>
      <object_component id="oc-102">
         <name>.debug_types</name>
         <load_address>0x6000c</load_address>
         <run_address>0x6000c</run_address>
         <size>0x5a</size>
         <input_file_ref idref="fl-8"/>
      </object_component>
      <object_component id="oc-303">
         <name>.debug_types</name>
         <load_address>0x60066</load_address>
         <run_address>0x60066</run_address>
         <size>0x2f</size>
         <input_file_ref idref="fl-9"/>
      </object_component>
      <object_component id="oc-17d">
         <name>.debug_types</name>
         <load_address>0x60095</load_address>
         <run_address>0x60095</run_address>
         <size>0xc27</size>
         <input_file_ref idref="fl-b"/>
      </object_component>
      <object_component id="oc-2a0">
         <name>.debug_types</name>
         <load_address>0x0</load_address>
         <run_address>0x0</run_address>
         <size>0x0</size>
         <input_file_ref idref="fl-c"/>
      </object_component>
      <object_component id="oc-1e4">
         <name>.debug_types</name>
         <load_address>0x0</load_address>
         <run_address>0x0</run_address>
         <size>0x0</size>
         <input_file_ref idref="fl-d"/>
      </object_component>
      <object_component id="oc-22f">
         <name>.debug_types</name>
         <load_address>0x60cbc</load_address>
         <run_address>0x60cbc</run_address>
         <size>0x456</size>
         <input_file_ref idref="fl-e"/>
      </object_component>
      <object_component id="oc-312">
         <name>.debug_types</name>
         <load_address>0x0</load_address>
         <run_address>0x0</run_address>
         <size>0x0</size>
         <input_file_ref idref="fl-f"/>
      </object_component>
      <object_component id="oc-32b">
         <name>.debug_types</name>
         <load_address>0x0</load_address>
         <run_address>0x0</run_address>
         <size>0x0</size>
         <input_file_ref idref="fl-10"/>
      </object_component>
      <object_component id="oc-323">
         <name>.debug_types</name>
         <load_address>0x0</load_address>
         <run_address>0x0</run_address>
         <size>0x0</size>
         <input_file_ref idref="fl-11"/>
      </object_component>
      <object_component id="oc-330">
         <name>.debug_types</name>
         <load_address>0x0</load_address>
         <run_address>0x0</run_address>
         <size>0x0</size>
         <input_file_ref idref="fl-13"/>
      </object_component>
      <object_component id="oc-332">
         <name>.debug_types</name>
         <load_address>0x0</load_address>
         <run_address>0x0</run_address>
         <size>0x0</size>
         <input_file_ref idref="fl-14"/>
      </object_component>
      <object_component id="oc-310">
         <name>.debug_types</name>
         <load_address>0x61112</load_address>
         <run_address>0x61112</run_address>
         <size>0x356</size>
         <input_file_ref idref="fl-15"/>
      </object_component>
      <object_component id="oc-183">
         <name>.debug_types</name>
         <load_address>0x61468</load_address>
         <run_address>0x61468</run_address>
         <size>0x142</size>
         <input_file_ref idref="fl-39"/>
      </object_component>
      <object_component id="oc-191">
         <name>.debug_types</name>
         <load_address>0x0</load_address>
         <run_address>0x0</run_address>
         <size>0x0</size>
         <input_file_ref idref="fl-3a"/>
      </object_component>
      <object_component id="oc-252">
         <name>.debug_types</name>
         <load_address>0x615aa</load_address>
         <run_address>0x615aa</run_address>
         <size>0x4ca</size>
         <input_file_ref idref="fl-3b"/>
      </object_component>
      <object_component id="oc-188">
         <name>.debug_types</name>
         <load_address>0x61a74</load_address>
         <run_address>0x61a74</run_address>
         <size>0x194</size>
         <input_file_ref idref="fl-3c"/>
      </object_component>
      <object_component id="oc-dd">
         <name>.debug_types</name>
         <load_address>0x0</load_address>
         <run_address>0x0</run_address>
         <size>0x0</size>
         <input_file_ref idref="fl-3d"/>
      </object_component>
      <object_component id="oc-d5">
         <name>.debug_types</name>
         <load_address>0x61c08</load_address>
         <run_address>0x61c08</run_address>
         <size>0x191</size>
         <input_file_ref idref="fl-3e"/>
      </object_component>
      <object_component id="oc-1d1">
         <name>.debug_types</name>
         <load_address>0x61d99</load_address>
         <run_address>0x61d99</run_address>
         <size>0xbf</size>
         <input_file_ref idref="fl-3f"/>
      </object_component>
      <object_component id="oc-2ae">
         <name>.debug_types</name>
         <load_address>0x61e58</load_address>
         <run_address>0x61e58</run_address>
         <size>0x2f</size>
         <input_file_ref idref="fl-40"/>
      </object_component>
      <object_component id="oc-1c9">
         <name>.debug_types</name>
         <load_address>0x61e87</load_address>
         <run_address>0x61e87</run_address>
         <size>0xe1</size>
         <input_file_ref idref="fl-41"/>
      </object_component>
      <object_component id="oc-247">
         <name>.debug_types</name>
         <load_address>0x0</load_address>
         <run_address>0x0</run_address>
         <size>0x0</size>
         <input_file_ref idref="fl-42"/>
      </object_component>
      <object_component id="oc-2db">
         <name>.debug_types</name>
         <load_address>0x0</load_address>
         <run_address>0x0</run_address>
         <size>0x0</size>
         <input_file_ref idref="fl-44"/>
      </object_component>
      <object_component id="oc-31d">
         <name>.debug_info</name>
         <load_address>0x0</load_address>
         <run_address>0x0</run_address>
         <size>0x2a6</size>
         <input_file_ref idref="fl-2"/>
      </object_component>
      <object_component id="oc-bf">
         <name>.debug_info</name>
         <load_address>0x2a6</load_address>
         <run_address>0x2a6</run_address>
         <size>0x35db</size>
         <input_file_ref idref="fl-4"/>
      </object_component>
      <object_component id="oc-2ee">
         <name>.debug_info</name>
         <load_address>0x3881</load_address>
         <run_address>0x3881</run_address>
         <size>0x132</size>
         <input_file_ref idref="fl-5"/>
      </object_component>
      <object_component id="oc-2f7">
         <name>.debug_info</name>
         <load_address>0x39b3</load_address>
         <run_address>0x39b3</run_address>
         <size>0x120</size>
         <input_file_ref idref="fl-5"/>
      </object_component>
      <object_component id="oc-2fa">
         <name>.debug_info</name>
         <load_address>0x3ad3</load_address>
         <run_address>0x3ad3</run_address>
         <size>0x120</size>
         <input_file_ref idref="fl-5"/>
      </object_component>
      <object_component id="oc-119">
         <name>.debug_info</name>
         <load_address>0x3bf3</load_address>
         <run_address>0x3bf3</run_address>
         <size>0x121</size>
         <input_file_ref idref="fl-5"/>
      </object_component>
      <object_component id="oc-122">
         <name>.debug_info</name>
         <load_address>0x3d14</load_address>
         <run_address>0x3d14</run_address>
         <size>0x121</size>
         <input_file_ref idref="fl-5"/>
      </object_component>
      <object_component id="oc-11c">
         <name>.debug_info</name>
         <load_address>0x3e35</load_address>
         <run_address>0x3e35</run_address>
         <size>0x121</size>
         <input_file_ref idref="fl-5"/>
      </object_component>
      <object_component id="oc-11f">
         <name>.debug_info</name>
         <load_address>0x3f56</load_address>
         <run_address>0x3f56</run_address>
         <size>0x121</size>
         <input_file_ref idref="fl-5"/>
      </object_component>
      <object_component id="oc-328">
         <name>.debug_info</name>
         <load_address>0x4077</load_address>
         <run_address>0x4077</run_address>
         <size>0x118</size>
         <input_file_ref idref="fl-5"/>
      </object_component>
      <object_component id="oc-113">
         <name>.debug_info</name>
         <load_address>0x418f</load_address>
         <run_address>0x418f</run_address>
         <size>0x11c</size>
         <input_file_ref idref="fl-5"/>
      </object_component>
      <object_component id="oc-308">
         <name>.debug_info</name>
         <load_address>0x42ab</load_address>
         <run_address>0x42ab</run_address>
         <size>0x120</size>
         <input_file_ref idref="fl-5"/>
      </object_component>
      <object_component id="oc-2fd">
         <name>.debug_info</name>
         <load_address>0x43cb</load_address>
         <run_address>0x43cb</run_address>
         <size>0x11a</size>
         <input_file_ref idref="fl-5"/>
      </object_component>
      <object_component id="oc-300">
         <name>.debug_info</name>
         <load_address>0x44e5</load_address>
         <run_address>0x44e5</run_address>
         <size>0x11a</size>
         <input_file_ref idref="fl-5"/>
      </object_component>
      <object_component id="oc-349">
         <name>.debug_info</name>
         <load_address>0x45ff</load_address>
         <run_address>0x45ff</run_address>
         <size>0x120</size>
         <input_file_ref idref="fl-5"/>
      </object_component>
      <object_component id="oc-2f1">
         <name>.debug_info</name>
         <load_address>0x471f</load_address>
         <run_address>0x471f</run_address>
         <size>0x112</size>
         <input_file_ref idref="fl-5"/>
      </object_component>
      <object_component id="oc-107">
         <name>.debug_info</name>
         <load_address>0x4831</load_address>
         <run_address>0x4831</run_address>
         <size>0x11e</size>
         <input_file_ref idref="fl-5"/>
      </object_component>
      <object_component id="oc-2f4">
         <name>.debug_info</name>
         <load_address>0x494f</load_address>
         <run_address>0x494f</run_address>
         <size>0x11a</size>
         <input_file_ref idref="fl-5"/>
      </object_component>
      <object_component id="oc-2eb">
         <name>.debug_info</name>
         <load_address>0x4a69</load_address>
         <run_address>0x4a69</run_address>
         <size>0x125</size>
         <input_file_ref idref="fl-5"/>
      </object_component>
      <object_component id="oc-177">
         <name>.debug_info</name>
         <load_address>0x4b8e</load_address>
         <run_address>0x4b8e</run_address>
         <size>0x115</size>
         <input_file_ref idref="fl-5"/>
      </object_component>
      <object_component id="oc-325">
         <name>.debug_info</name>
         <load_address>0x4ca3</load_address>
         <run_address>0x4ca3</run_address>
         <size>0x122</size>
         <input_file_ref idref="fl-5"/>
      </object_component>
      <object_component id="oc-174">
         <name>.debug_info</name>
         <load_address>0x4dc5</load_address>
         <run_address>0x4dc5</run_address>
         <size>0x11a</size>
         <input_file_ref idref="fl-5"/>
      </object_component>
      <object_component id="oc-314">
         <name>.debug_info</name>
         <load_address>0x4edf</load_address>
         <run_address>0x4edf</run_address>
         <size>0x115</size>
         <input_file_ref idref="fl-5"/>
      </object_component>
      <object_component id="oc-317">
         <name>.debug_info</name>
         <load_address>0x4ff4</load_address>
         <run_address>0x4ff4</run_address>
         <size>0x115</size>
         <input_file_ref idref="fl-5"/>
      </object_component>
      <object_component id="oc-31a">
         <name>.debug_info</name>
         <load_address>0x5109</load_address>
         <run_address>0x5109</run_address>
         <size>0x115</size>
         <input_file_ref idref="fl-5"/>
      </object_component>
      <object_component id="oc-116">
         <name>.debug_info</name>
         <load_address>0x521e</load_address>
         <run_address>0x521e</run_address>
         <size>0x115</size>
         <input_file_ref idref="fl-5"/>
      </object_component>
      <object_component id="oc-29d">
         <name>.debug_info</name>
         <load_address>0x5333</load_address>
         <run_address>0x5333</run_address>
         <size>0x11a</size>
         <input_file_ref idref="fl-5"/>
      </object_component>
      <object_component id="oc-131">
         <name>.debug_info</name>
         <load_address>0x544d</load_address>
         <run_address>0x544d</run_address>
         <size>0x118</size>
         <input_file_ref idref="fl-5"/>
      </object_component>
      <object_component id="oc-1fe">
         <name>.debug_info</name>
         <load_address>0x5565</load_address>
         <run_address>0x5565</run_address>
         <size>0x118</size>
         <input_file_ref idref="fl-5"/>
      </object_component>
      <object_component id="oc-201">
         <name>.debug_info</name>
         <load_address>0x567d</load_address>
         <run_address>0x567d</run_address>
         <size>0x118</size>
         <input_file_ref idref="fl-5"/>
      </object_component>
      <object_component id="oc-204">
         <name>.debug_info</name>
         <load_address>0x5795</load_address>
         <run_address>0x5795</run_address>
         <size>0x118</size>
         <input_file_ref idref="fl-5"/>
      </object_component>
      <object_component id="oc-32d">
         <name>.debug_info</name>
         <load_address>0x58ad</load_address>
         <run_address>0x58ad</run_address>
         <size>0x118</size>
         <input_file_ref idref="fl-5"/>
      </object_component>
      <object_component id="oc-207">
         <name>.debug_info</name>
         <load_address>0x59c5</load_address>
         <run_address>0x59c5</run_address>
         <size>0x118</size>
         <input_file_ref idref="fl-5"/>
      </object_component>
      <object_component id="oc-20a">
         <name>.debug_info</name>
         <load_address>0x5add</load_address>
         <run_address>0x5add</run_address>
         <size>0x118</size>
         <input_file_ref idref="fl-5"/>
      </object_component>
      <object_component id="oc-2e8">
         <name>.debug_info</name>
         <load_address>0x5bf5</load_address>
         <run_address>0x5bf5</run_address>
         <size>0x11a</size>
         <input_file_ref idref="fl-5"/>
      </object_component>
      <object_component id="oc-305">
         <name>.debug_info</name>
         <load_address>0x5d0f</load_address>
         <run_address>0x5d0f</run_address>
         <size>0x11e</size>
         <input_file_ref idref="fl-5"/>
      </object_component>
      <object_component id="oc-346">
         <name>.debug_info</name>
         <load_address>0x5e2d</load_address>
         <run_address>0x5e2d</run_address>
         <size>0x122</size>
         <input_file_ref idref="fl-5"/>
      </object_component>
      <object_component id="oc-17a">
         <name>.debug_info</name>
         <load_address>0x5f4f</load_address>
         <run_address>0x5f4f</run_address>
         <size>0x11e</size>
         <input_file_ref idref="fl-5"/>
      </object_component>
      <object_component id="oc-267">
         <name>.debug_info</name>
         <load_address>0x606d</load_address>
         <run_address>0x606d</run_address>
         <size>0xc86</size>
         <input_file_ref idref="fl-6"/>
      </object_component>
      <object_component id="oc-26e">
         <name>.debug_info</name>
         <load_address>0x6cf3</load_address>
         <run_address>0x6cf3</run_address>
         <size>0x1c5</size>
         <input_file_ref idref="fl-7"/>
      </object_component>
      <object_component id="oc-c5">
         <name>.debug_info</name>
         <load_address>0x6eb8</load_address>
         <run_address>0x6eb8</run_address>
         <size>0x11b</size>
         <input_file_ref idref="fl-8"/>
      </object_component>
      <object_component id="oc-276">
         <name>.debug_info</name>
         <load_address>0x6fd3</load_address>
         <run_address>0x6fd3</run_address>
         <size>0x193</size>
         <input_file_ref idref="fl-8"/>
      </object_component>
      <object_component id="oc-262">
         <name>.debug_info</name>
         <load_address>0x7166</load_address>
         <run_address>0x7166</run_address>
         <size>0xe69</size>
         <input_file_ref idref="fl-9"/>
      </object_component>
      <object_component id="oc-2e5">
         <name>.debug_info</name>
         <load_address>0x7fcf</load_address>
         <run_address>0x7fcf</run_address>
         <size>0x1b5</size>
         <input_file_ref idref="fl-9"/>
      </object_component>
      <object_component id="oc-104">
         <name>.debug_info</name>
         <load_address>0x8184</load_address>
         <run_address>0x8184</run_address>
         <size>0x191</size>
         <input_file_ref idref="fl-b"/>
      </object_component>
      <object_component id="oc-10a">
         <name>.debug_info</name>
         <load_address>0x8315</load_address>
         <run_address>0x8315</run_address>
         <size>0x197</size>
         <input_file_ref idref="fl-b"/>
      </object_component>
      <object_component id="oc-110">
         <name>.debug_info</name>
         <load_address>0x84ac</load_address>
         <run_address>0x84ac</run_address>
         <size>0x197</size>
         <input_file_ref idref="fl-b"/>
      </object_component>
      <object_component id="oc-12e">
         <name>.debug_info</name>
         <load_address>0x8643</load_address>
         <run_address>0x8643</run_address>
         <size>0x11c</size>
         <input_file_ref idref="fl-b"/>
      </object_component>
      <object_component id="oc-12b">
         <name>.debug_info</name>
         <load_address>0x875f</load_address>
         <run_address>0x875f</run_address>
         <size>0x11a</size>
         <input_file_ref idref="fl-b"/>
      </object_component>
      <object_component id="oc-128">
         <name>.debug_info</name>
         <load_address>0x8879</load_address>
         <run_address>0x8879</run_address>
         <size>0x11a</size>
         <input_file_ref idref="fl-b"/>
      </object_component>
      <object_component id="oc-125">
         <name>.debug_info</name>
         <load_address>0x8993</load_address>
         <run_address>0x8993</run_address>
         <size>0x140</size>
         <input_file_ref idref="fl-b"/>
      </object_component>
      <object_component id="oc-13a">
         <name>.debug_info</name>
         <load_address>0x8ad3</load_address>
         <run_address>0x8ad3</run_address>
         <size>0x125</size>
         <input_file_ref idref="fl-b"/>
      </object_component>
      <object_component id="oc-13d">
         <name>.debug_info</name>
         <load_address>0x8bf8</load_address>
         <run_address>0x8bf8</run_address>
         <size>0x18c</size>
         <input_file_ref idref="fl-b"/>
      </object_component>
      <object_component id="oc-c9">
         <name>.debug_info</name>
         <load_address>0x8d84</load_address>
         <run_address>0x8d84</run_address>
         <size>0x27a</size>
         <input_file_ref idref="fl-b"/>
      </object_component>
      <object_component id="oc-ce">
         <name>.debug_info</name>
         <load_address>0x8ffe</load_address>
         <run_address>0x8ffe</run_address>
         <size>0x641</size>
         <input_file_ref idref="fl-b"/>
      </object_component>
      <object_component id="oc-1c5">
         <name>.debug_info</name>
         <load_address>0x963f</load_address>
         <run_address>0x963f</run_address>
         <size>0x324</size>
         <input_file_ref idref="fl-c"/>
      </object_component>
      <object_component id="oc-10d">
         <name>.debug_info</name>
         <load_address>0x9963</load_address>
         <run_address>0x9963</run_address>
         <size>0x1aa</size>
         <input_file_ref idref="fl-d"/>
      </object_component>
      <object_component id="oc-1e0">
         <name>.debug_info</name>
         <load_address>0x9b0d</load_address>
         <run_address>0x9b0d</run_address>
         <size>0x1cc</size>
         <input_file_ref idref="fl-d"/>
      </object_component>
      <object_component id="oc-136">
         <name>.debug_info</name>
         <load_address>0x9cd9</load_address>
         <run_address>0x9cd9</run_address>
         <size>0x7a3</size>
         <input_file_ref idref="fl-d"/>
      </object_component>
      <object_component id="oc-218">
         <name>.debug_info</name>
         <load_address>0xa47c</load_address>
         <run_address>0xa47c</run_address>
         <size>0x137</size>
         <input_file_ref idref="fl-e"/>
      </object_component>
      <object_component id="oc-21b">
         <name>.debug_info</name>
         <load_address>0xa5b3</load_address>
         <run_address>0xa5b3</run_address>
         <size>0x135</size>
         <input_file_ref idref="fl-e"/>
      </object_component>
      <object_component id="oc-22b">
         <name>.debug_info</name>
         <load_address>0xa6e8</load_address>
         <run_address>0xa6e8</run_address>
         <size>0x143</size>
         <input_file_ref idref="fl-e"/>
      </object_component>
      <object_component id="oc-210">
         <name>.debug_info</name>
         <load_address>0xa82b</load_address>
         <run_address>0xa82b</run_address>
         <size>0x141</size>
         <input_file_ref idref="fl-e"/>
      </object_component>
      <object_component id="oc-228">
         <name>.debug_info</name>
         <load_address>0xa96c</load_address>
         <run_address>0xa96c</run_address>
         <size>0x13d</size>
         <input_file_ref idref="fl-e"/>
      </object_component>
      <object_component id="oc-144">
         <name>.debug_info</name>
         <load_address>0xaaa9</load_address>
         <run_address>0xaaa9</run_address>
         <size>0x29f</size>
         <input_file_ref idref="fl-e"/>
      </object_component>
      <object_component id="oc-14b">
         <name>.debug_info</name>
         <load_address>0xad48</load_address>
         <run_address>0xad48</run_address>
         <size>0x19e</size>
         <input_file_ref idref="fl-e"/>
      </object_component>
      <object_component id="oc-150">
         <name>.debug_info</name>
         <load_address>0xaee6</load_address>
         <run_address>0xaee6</run_address>
         <size>0x19e</size>
         <input_file_ref idref="fl-e"/>
      </object_component>
      <object_component id="oc-156">
         <name>.debug_info</name>
         <load_address>0xb084</load_address>
         <run_address>0xb084</run_address>
         <size>0x19e</size>
         <input_file_ref idref="fl-e"/>
      </object_component>
      <object_component id="oc-15d">
         <name>.debug_info</name>
         <load_address>0xb222</load_address>
         <run_address>0xb222</run_address>
         <size>0x19e</size>
         <input_file_ref idref="fl-e"/>
      </object_component>
      <object_component id="oc-163">
         <name>.debug_info</name>
         <load_address>0xb3c0</load_address>
         <run_address>0xb3c0</run_address>
         <size>0x19e</size>
         <input_file_ref idref="fl-e"/>
      </object_component>
      <object_component id="oc-16b">
         <name>.debug_info</name>
         <load_address>0xb55e</load_address>
         <run_address>0xb55e</run_address>
         <size>0x19e</size>
         <input_file_ref idref="fl-e"/>
      </object_component>
      <object_component id="oc-171">
         <name>.debug_info</name>
         <load_address>0xb6fc</load_address>
         <run_address>0xb6fc</run_address>
         <size>0x19e</size>
         <input_file_ref idref="fl-e"/>
      </object_component>
      <object_component id="oc-281">
         <name>.debug_info</name>
         <load_address>0xb89a</load_address>
         <run_address>0xb89a</run_address>
         <size>0x1a9</size>
         <input_file_ref idref="fl-f"/>
      </object_component>
      <object_component id="oc-28b">
         <name>.debug_info</name>
         <load_address>0xba43</load_address>
         <run_address>0xba43</run_address>
         <size>0x529</size>
         <input_file_ref idref="fl-10"/>
      </object_component>
      <object_component id="oc-286">
         <name>.debug_info</name>
         <load_address>0xbf6c</load_address>
         <run_address>0xbf6c</run_address>
         <size>0x1d5</size>
         <input_file_ref idref="fl-11"/>
      </object_component>
      <object_component id="oc-291">
         <name>.debug_info</name>
         <load_address>0xc141</load_address>
         <run_address>0xc141</run_address>
         <size>0x1bd</size>
         <input_file_ref idref="fl-13"/>
      </object_component>
      <object_component id="oc-297">
         <name>.debug_info</name>
         <load_address>0xc2fe</load_address>
         <run_address>0xc2fe</run_address>
         <size>0xa01</size>
         <input_file_ref idref="fl-14"/>
      </object_component>
      <object_component id="oc-27a">
         <name>.debug_info</name>
         <load_address>0xccff</load_address>
         <run_address>0xccff</run_address>
         <size>0x19f</size>
         <input_file_ref idref="fl-15"/>
      </object_component>
      <object_component id="oc-21f">
         <name>.debug_info</name>
         <load_address>0xce9e</load_address>
         <run_address>0xce9e</run_address>
         <size>0x138</size>
         <input_file_ref idref="fl-1d"/>
      </object_component>
      <object_component id="oc-214">
         <name>.debug_info</name>
         <load_address>0xcfd6</load_address>
         <run_address>0xcfd6</run_address>
         <size>0x138</size>
         <input_file_ref idref="fl-1e"/>
      </object_component>
      <object_component id="oc-223">
         <name>.debug_info</name>
         <load_address>0xd10e</load_address>
         <run_address>0xd10e</run_address>
         <size>0x138</size>
         <input_file_ref idref="fl-1f"/>
      </object_component>
      <object_component id="oc-a1">
         <name>.debug_info</name>
         <load_address>0xd246</load_address>
         <run_address>0xd246</run_address>
         <size>0x159</size>
         <input_file_ref idref="fl-37"/>
      </object_component>
      <object_component id="oc-d7">
         <name>.debug_info</name>
         <load_address>0xd39f</load_address>
         <run_address>0xd39f</run_address>
         <size>0x19c</size>
         <input_file_ref idref="fl-39"/>
      </object_component>
      <object_component id="oc-ec">
         <name>.debug_info</name>
         <load_address>0xd53b</load_address>
         <run_address>0xd53b</run_address>
         <size>0x14e</size>
         <input_file_ref idref="fl-3a"/>
      </object_component>
      <object_component id="oc-194">
         <name>.debug_info</name>
         <load_address>0xd689</load_address>
         <run_address>0xd689</run_address>
         <size>0x1c0</size>
         <input_file_ref idref="fl-3b"/>
      </object_component>
      <object_component id="oc-e7">
         <name>.debug_info</name>
         <load_address>0xd849</load_address>
         <run_address>0xd849</run_address>
         <size>0x1a0</size>
         <input_file_ref idref="fl-3c"/>
      </object_component>
      <object_component id="oc-9b">
         <name>.debug_info</name>
         <load_address>0xd9e9</load_address>
         <run_address>0xd9e9</run_address>
         <size>0x1b8</size>
         <input_file_ref idref="fl-3d"/>
      </object_component>
      <object_component id="oc-94">
         <name>.debug_info</name>
         <load_address>0xdba1</load_address>
         <run_address>0xdba1</run_address>
         <size>0x20d</size>
         <input_file_ref idref="fl-3e"/>
      </object_component>
      <object_component id="oc-1cb">
         <name>.debug_info</name>
         <load_address>0xddae</load_address>
         <run_address>0xddae</run_address>
         <size>0x19f</size>
         <input_file_ref idref="fl-3f"/>
      </object_component>
      <object_component id="oc-f8">
         <name>.debug_info</name>
         <load_address>0xdf4d</load_address>
         <run_address>0xdf4d</run_address>
         <size>0x1aa</size>
         <input_file_ref idref="fl-3f"/>
      </object_component>
      <object_component id="oc-1ce">
         <name>.debug_info</name>
         <load_address>0xe0f7</load_address>
         <run_address>0xe0f7</run_address>
         <size>0x108</size>
         <input_file_ref idref="fl-40"/>
      </object_component>
      <object_component id="oc-339">
         <name>.debug_info</name>
         <load_address>0xe1ff</load_address>
         <run_address>0xe1ff</run_address>
         <size>0x10c</size>
         <input_file_ref idref="fl-40"/>
      </object_component>
      <object_component id="oc-2a9">
         <name>.debug_info</name>
         <load_address>0xe30b</load_address>
         <run_address>0xe30b</run_address>
         <size>0x204</size>
         <input_file_ref idref="fl-40"/>
      </object_component>
      <object_component id="oc-f5">
         <name>.debug_info</name>
         <load_address>0xe50f</load_address>
         <run_address>0xe50f</run_address>
         <size>0x15e</size>
         <input_file_ref idref="fl-41"/>
      </object_component>
      <object_component id="oc-18d">
         <name>.debug_info</name>
         <load_address>0xe66d</load_address>
         <run_address>0xe66d</run_address>
         <size>0x209</size>
         <input_file_ref idref="fl-42"/>
      </object_component>
      <object_component id="oc-24d">
         <name>.debug_info</name>
         <load_address>0xe876</load_address>
         <run_address>0xe876</run_address>
         <size>0x148</size>
         <input_file_ref idref="fl-44"/>
      </object_component>
      <object_component id="oc-43f">
         <name>.debug_info</name>
         <load_address>0xe9be</load_address>
         <run_address>0xe9be</run_address>
         <size>0xac</size>
      </object_component>
      <object_component id="oc-320">
         <name>.debug_line</name>
         <load_address>0x0</load_address>
         <run_address>0x0</run_address>
         <size>0x12d</size>
         <input_file_ref idref="fl-2"/>
      </object_component>
      <object_component id="oc-392">
         <name>.debug_line</name>
         <load_address>0x12d</load_address>
         <run_address>0x12d</run_address>
         <size>0x56</size>
         <input_file_ref idref="fl-2"/>
      </object_component>
      <object_component id="oc-c3">
         <name>.debug_line</name>
         <load_address>0x183</load_address>
         <run_address>0x183</run_address>
         <size>0xd00</size>
         <input_file_ref idref="fl-4"/>
      </object_component>
      <object_component id="oc-1d3">
         <name>.debug_line</name>
         <load_address>0xe83</load_address>
         <run_address>0xe83</run_address>
         <size>0x21</size>
         <input_file_ref idref="fl-4"/>
      </object_component>
      <object_component id="oc-351">
         <name>.debug_line</name>
         <load_address>0xea4</load_address>
         <run_address>0xea4</run_address>
         <size>0x64</size>
         <input_file_ref idref="fl-5"/>
      </object_component>
      <object_component id="oc-357">
         <name>.debug_line</name>
         <load_address>0xf08</load_address>
         <run_address>0xf08</run_address>
         <size>0x64</size>
         <input_file_ref idref="fl-5"/>
      </object_component>
      <object_component id="oc-359">
         <name>.debug_line</name>
         <load_address>0xf6c</load_address>
         <run_address>0xf6c</run_address>
         <size>0x64</size>
         <input_file_ref idref="fl-5"/>
      </object_component>
      <object_component id="oc-1ec">
         <name>.debug_line</name>
         <load_address>0xfd0</load_address>
         <run_address>0xfd0</run_address>
         <size>0x64</size>
         <input_file_ref idref="fl-5"/>
      </object_component>
      <object_component id="oc-1f2">
         <name>.debug_line</name>
         <load_address>0x1034</load_address>
         <run_address>0x1034</run_address>
         <size>0x64</size>
         <input_file_ref idref="fl-5"/>
      </object_component>
      <object_component id="oc-1ee">
         <name>.debug_line</name>
         <load_address>0x1098</load_address>
         <run_address>0x1098</run_address>
         <size>0x64</size>
         <input_file_ref idref="fl-5"/>
      </object_component>
      <object_component id="oc-1f0">
         <name>.debug_line</name>
         <load_address>0x10fc</load_address>
         <run_address>0x10fc</run_address>
         <size>0x64</size>
         <input_file_ref idref="fl-5"/>
      </object_component>
      <object_component id="oc-37f">
         <name>.debug_line</name>
         <load_address>0x1160</load_address>
         <run_address>0x1160</run_address>
         <size>0x64</size>
         <input_file_ref idref="fl-5"/>
      </object_component>
      <object_component id="oc-1e8">
         <name>.debug_line</name>
         <load_address>0x11c4</load_address>
         <run_address>0x11c4</run_address>
         <size>0x64</size>
         <input_file_ref idref="fl-5"/>
      </object_component>
      <object_component id="oc-364">
         <name>.debug_line</name>
         <load_address>0x1228</load_address>
         <run_address>0x1228</run_address>
         <size>0x64</size>
         <input_file_ref idref="fl-5"/>
      </object_component>
      <object_component id="oc-35b">
         <name>.debug_line</name>
         <load_address>0x128c</load_address>
         <run_address>0x128c</run_address>
         <size>0x64</size>
         <input_file_ref idref="fl-5"/>
      </object_component>
      <object_component id="oc-35d">
         <name>.debug_line</name>
         <load_address>0x12f0</load_address>
         <run_address>0x12f0</run_address>
         <size>0x64</size>
         <input_file_ref idref="fl-5"/>
      </object_component>
      <object_component id="oc-390">
         <name>.debug_line</name>
         <load_address>0x1354</load_address>
         <run_address>0x1354</run_address>
         <size>0x64</size>
         <input_file_ref idref="fl-5"/>
      </object_component>
      <object_component id="oc-353">
         <name>.debug_line</name>
         <load_address>0x13b8</load_address>
         <run_address>0x13b8</run_address>
         <size>0x64</size>
         <input_file_ref idref="fl-5"/>
      </object_component>
      <object_component id="oc-1db">
         <name>.debug_line</name>
         <load_address>0x141c</load_address>
         <run_address>0x141c</run_address>
         <size>0x64</size>
         <input_file_ref idref="fl-5"/>
      </object_component>
      <object_component id="oc-355">
         <name>.debug_line</name>
         <load_address>0x1480</load_address>
         <run_address>0x1480</run_address>
         <size>0x64</size>
         <input_file_ref idref="fl-5"/>
      </object_component>
      <object_component id="oc-34f">
         <name>.debug_line</name>
         <load_address>0x14e4</load_address>
         <run_address>0x14e4</run_address>
         <size>0x64</size>
         <input_file_ref idref="fl-5"/>
      </object_component>
      <object_component id="oc-23a">
         <name>.debug_line</name>
         <load_address>0x1548</load_address>
         <run_address>0x1548</run_address>
         <size>0x64</size>
         <input_file_ref idref="fl-5"/>
      </object_component>
      <object_component id="oc-37d">
         <name>.debug_line</name>
         <load_address>0x15ac</load_address>
         <run_address>0x15ac</run_address>
         <size>0x64</size>
         <input_file_ref idref="fl-5"/>
      </object_component>
      <object_component id="oc-238">
         <name>.debug_line</name>
         <load_address>0x1610</load_address>
         <run_address>0x1610</run_address>
         <size>0x64</size>
         <input_file_ref idref="fl-5"/>
      </object_component>
      <object_component id="oc-372">
         <name>.debug_line</name>
         <load_address>0x1674</load_address>
         <run_address>0x1674</run_address>
         <size>0x64</size>
         <input_file_ref idref="fl-5"/>
      </object_component>
      <object_component id="oc-374">
         <name>.debug_line</name>
         <load_address>0x16d8</load_address>
         <run_address>0x16d8</run_address>
         <size>0x64</size>
         <input_file_ref idref="fl-5"/>
      </object_component>
      <object_component id="oc-376">
         <name>.debug_line</name>
         <load_address>0x173c</load_address>
         <run_address>0x173c</run_address>
         <size>0x64</size>
         <input_file_ref idref="fl-5"/>
      </object_component>
      <object_component id="oc-1ea">
         <name>.debug_line</name>
         <load_address>0x17a0</load_address>
         <run_address>0x17a0</run_address>
         <size>0x64</size>
         <input_file_ref idref="fl-5"/>
      </object_component>
      <object_component id="oc-334">
         <name>.debug_line</name>
         <load_address>0x1804</load_address>
         <run_address>0x1804</run_address>
         <size>0x64</size>
         <input_file_ref idref="fl-5"/>
      </object_component>
      <object_component id="oc-1fc">
         <name>.debug_line</name>
         <load_address>0x1868</load_address>
         <run_address>0x1868</run_address>
         <size>0x64</size>
         <input_file_ref idref="fl-5"/>
      </object_component>
      <object_component id="oc-2bb">
         <name>.debug_line</name>
         <load_address>0x18cc</load_address>
         <run_address>0x18cc</run_address>
         <size>0x64</size>
         <input_file_ref idref="fl-5"/>
      </object_component>
      <object_component id="oc-2bd">
         <name>.debug_line</name>
         <load_address>0x1930</load_address>
         <run_address>0x1930</run_address>
         <size>0x64</size>
         <input_file_ref idref="fl-5"/>
      </object_component>
      <object_component id="oc-2bf">
         <name>.debug_line</name>
         <load_address>0x1994</load_address>
         <run_address>0x1994</run_address>
         <size>0x64</size>
         <input_file_ref idref="fl-5"/>
      </object_component>
      <object_component id="oc-384">
         <name>.debug_line</name>
         <load_address>0x19f8</load_address>
         <run_address>0x19f8</run_address>
         <size>0x64</size>
         <input_file_ref idref="fl-5"/>
      </object_component>
      <object_component id="oc-2c1">
         <name>.debug_line</name>
         <load_address>0x1a5c</load_address>
         <run_address>0x1a5c</run_address>
         <size>0x64</size>
         <input_file_ref idref="fl-5"/>
      </object_component>
      <object_component id="oc-2c3">
         <name>.debug_line</name>
         <load_address>0x1ac0</load_address>
         <run_address>0x1ac0</run_address>
         <size>0x64</size>
         <input_file_ref idref="fl-5"/>
[...]
         <object_component_ref idref="oc-260"/>
      </symbol>
      <symbol id="sm-386">
         <name>SysIntOsc2Sel</name>
         <value>0x81a33</value>
         <object_component_ref idref="oc-260"/>
      </symbol>
      <symbol id="sm-387">
         <name>ReleaseFlashPump</name>
         <value>0x816ff</value>
         <object_component_ref idref="oc-260"/>
      </symbol>
      <symbol id="sm-388">
         <name>SeizeFlashPump</name>
         <value>0x816f0</value>
         <object_component_ref idref="oc-260"/>
      </symbol>
      <symbol id="sm-3e1">
         <name>Vqqq</name>
         <value>0x1486</value>
         <object_component_ref idref="oc-10f"/>
      </symbol>
      <symbol id="sm-3e2">
         <name>set_point2</name>
         <value>0x1506</value>
         <object_component_ref idref="oc-109"/>
      </symbol>
      <symbol id="sm-3e3">
         <name>Xn</name>
         <value>0x1500</value>
         <object_component_ref idref="oc-109"/>
      </symbol>
      <symbol id="sm-3e4">
         <name>a_input</name>
         <value>0x828e8</value>
         <object_component_ref idref="oc-127"/>
      </symbol>
      <symbol id="sm-3e5">
         <name>initCLA1PIE</name>
         <value>0x82120</value>
         <object_component_ref idref="oc-c8"/>
      </symbol>
      <symbol id="sm-3e6">
         <name>UB</name>
         <value>0x1482</value>
         <object_component_ref idref="oc-10f"/>
      </symbol>
      <symbol id="sm-3e7">
         <name>UA</name>
         <value>0x1480</value>
         <object_component_ref idref="oc-10f"/>
      </symbol>
      <symbol id="sm-3e8">
         <name>data_analysis</name>
         <value>0xc000</value>
         <object_component_ref idref="oc-139"/>
      </symbol>
      <symbol id="sm-3e9">
         <name>s_input</name>
         <value>0x828f2</value>
         <object_component_ref idref="oc-12a"/>
      </symbol>
      <symbol id="sm-3ea">
         <name>adcIsr1</name>
         <value>0x811c8</value>
         <object_component_ref idref="oc-c7"/>
      </symbol>
      <symbol id="sm-3eb">
         <name>initCPU1CLA1</name>
         <value>0x820fc</value>
         <object_component_ref idref="oc-c8"/>
      </symbol>
      <symbol id="sm-3ec">
         <name>j</name>
         <value>0x1502</value>
         <object_component_ref idref="oc-109"/>
      </symbol>
      <symbol id="sm-3ed">
         <name>a</name>
         <value>0xb86a</value>
         <object_component_ref idref="oc-103"/>
      </symbol>
      <symbol id="sm-3ee">
         <name>configCLAMemory</name>
         <value>0x820b6</value>
         <object_component_ref idref="oc-c8"/>
      </symbol>
      <symbol id="sm-3ef">
         <name>b_output</name>
         <value>0x828f8</value>
         <object_component_ref idref="oc-12d"/>
      </symbol>
      <symbol id="sm-3f0">
         <name>adcValue</name>
         <value>0x1508</value>
         <object_component_ref idref="oc-109"/>
      </symbol>
      <symbol id="sm-3f1">
         <name>__relaxed_sqrtf</name>
         <value>0x823c7</value>
         <object_component_ref idref="oc-13c"/>
      </symbol>
      <symbol id="sm-3f2">
         <name>epwm1ISR</name>
         <value>0x811dd</value>
         <object_component_ref idref="oc-c7"/>
      </symbol>
      <symbol id="sm-3f3">
         <name>angle</name>
         <value>0x1488</value>
         <object_component_ref idref="oc-10f"/>
      </symbol>
      <symbol id="sm-3f4">
         <name>set_point</name>
         <value>0x1504</value>
         <object_component_ref idref="oc-109"/>
      </symbol>
      <symbol id="sm-3f5">
         <name>counter</name>
         <value>0xb86c</value>
         <object_component_ref idref="oc-103"/>
      </symbol>
      <symbol id="sm-3f6">
         <name>ez</name>
         <value>0xb86e</value>
         <object_component_ref idref="oc-103"/>
      </symbol>
      <symbol id="sm-3f7">
         <name>pll</name>
         <value>0x148a</value>
         <object_component_ref idref="oc-10f"/>
      </symbol>
      <symbol id="sm-3f8">
         <name>test_step</name>
         <value>0xb86b</value>
         <object_component_ref idref="oc-103"/>
      </symbol>
      <symbol id="sm-3f9">
         <name>value_id</name>
         <value>0xb86d</value>
         <object_component_ref idref="oc-103"/>
      </symbol>
      <symbol id="sm-3fa">
         <name>cla1Isr4</name>
         <value>0x8117b</value>
         <object_component_ref idref="oc-c7"/>
      </symbol>
      <symbol id="sm-3fb">
         <name>cla1Isr5</name>
         <value>0x8118a</value>
         <object_component_ref idref="oc-c7"/>
      </symbol>
      <symbol id="sm-3fc">
         <name>cla1Isr6</name>
         <value>0x81199</value>
         <object_component_ref idref="oc-c7"/>
      </symbol>
      <symbol id="sm-3fd">
         <name>cla1Isr7</name>
         <value>0x811a8</value>
         <object_component_ref idref="oc-c7"/>
      </symbol>
      <symbol id="sm-3fe">
         <name>cla1Isr1</name>
         <value>0x810b8</value>
         <object_component_ref idref="oc-c7"/>
      </symbol>
      <symbol id="sm-3ff">
         <name>cla1Isr2</name>
         <value>0x8115b</value>
         <object_component_ref idref="oc-c7"/>
      </symbol>
      <symbol id="sm-400">
         <name>cla1Isr3</name>
         <value>0x8116c</value>
         <object_component_ref idref="oc-c7"/>
      </symbol>
      <symbol id="sm-401">
         <name>cla1Isr8</name>
         <value>0x811b7</value>
         <object_component_ref idref="oc-c7"/>
      </symbol>
      <symbol id="sm-402">
         <name>adc_param</name>
         <value>0xb800</value>
         <object_component_ref idref="oc-124"/>
      </symbol>
      <symbol id="sm-403">
         <name>Vddd</name>
         <value>0x1484</value>
         <object_component_ref idref="oc-10f"/>
      </symbol>
      <symbol id="sm-411">
         <name>DisableEPWMclock</name>
         <value>0x82272</value>
         <object_component_ref idref="oc-1c2"/>
      </symbol>
      <symbol id="sm-412">
         <name>main</name>
         <value>0x82249</value>
         <object_component_ref idref="oc-1c2"/>
      </symbol>
      <symbol id="sm-413">
         <name>EnableEPWMclock</name>
         <value>0x8227a</value>
         <object_component_ref idref="oc-1c2"/>
      </symbol>
      <symbol id="sm-494">
         <name>Calculate_time_vector</name>
         <value>0x80190</value>
         <object_component_ref idref="oc-133"/>
      </symbol>
      <symbol id="sm-495">
         <name>Assign_ePWM_counter</name>
         <value>0x80ab6</value>
         <object_component_ref idref="oc-133"/>
      </symbol>
      <symbol id="sm-496">
         <name>svm_gen</name>
         <value>0x80008</value>
         <object_component_ref idref="oc-133"/>
      </symbol>
      <symbol id="sm-497">
         <name>ptime_out</name>
         <value>0xb866</value>
         <object_component_ref idref="oc-10c"/>
      </symbol>
      <symbol id="sm-498">
         <name>Seclect_sector_subsector</name>
         <value>0x80025</value>
         <object_component_ref idref="oc-133"/>
      </symbol>
      <symbol id="sm-499">
         <name>epwm_counter</name>
         <value>0xb84e</value>
         <object_component_ref idref="oc-1df"/>
      </symbol>
      <symbol id="sm-49a">
         <name>ptime_v</name>
         <value>0xb864</value>
         <object_component_ref idref="oc-10c"/>
      </symbol>
      <symbol id="sm-49b">
         <name>time_vector</name>
         <value>0xb848</value>
         <object_component_ref idref="oc-1df"/>
      </symbol>
      <symbol id="sm-49c">
         <name>current_sector</name>
         <value>0xb840</value>
         <object_component_ref idref="oc-1df"/>
      </symbol>
      <symbol id="sm-49d">
         <name>input</name>
         <value>0xb842</value>
         <object_component_ref idref="oc-1df"/>
      </symbol>
      <symbol id="sm-49e">
         <name>pepwm_count</name>
         <value>0xb868</value>
         <object_component_ref idref="oc-10c"/>
      </symbol>
      <symbol id="sm-49f">
         <name>psector</name>
         <value>0xb862</value>
         <object_component_ref idref="oc-10c"/>
      </symbol>
      <symbol id="sm-4a0">
         <name>pinput</name>
         <value>0xb860</value>
         <object_component_ref idref="oc-10c"/>
      </symbol>
      <symbol id="sm-4a1">
         <name>Calculate_time_out</name>
         <value>0x80487</value>
         <object_component_ref idref="oc-133"/>
      </symbol>
      <symbol id="sm-4a2">
         <name>time_vector_out</name>
         <value>0xb854</value>
         <object_component_ref idref="oc-1df"/>
      </symbol>
      <symbol id="sm-50d">
         <name>beta</name>
         <value>0x902a</value>
         <object_component_ref idref="oc-21a"/>
      </symbol>
      <symbol id="sm-50e">
         <name>park_var</name>
         <value>0x9048</value>
         <object_component_ref idref="oc-227"/>
      </symbol>
      <symbol id="sm-50f">
         <name>Cla1Task2</name>
         <value>0x9c84</value>
         <object_component_ref idref="oc-149"/>
      </symbol>
      <symbol id="sm-510">
         <name>Cla1Task3</name>
         <value>0x9c8c</value>
         <object_component_ref idref="oc-14f"/>
      </symbol>
      <symbol id="sm-511">
         <name>Cla1Task1</name>
         <value>0x9800</value>
         <object_component_ref idref="oc-143"/>
      </symbol>
      <symbol id="sm-512">
         <name>Cla1Task6</name>
         <value>0x9ca4</value>
         <object_component_ref idref="oc-161"/>
      </symbol>
      <symbol id="sm-513">
         <name>Cla1Task7</name>
         <value>0x9cac</value>
         <object_component_ref idref="oc-167"/>
      </symbol>
      <symbol id="sm-514">
         <name>Cla1Task4</name>
         <value>0x9c94</value>
         <object_component_ref idref="oc-155"/>
      </symbol>
      <symbol id="sm-515">
         <name>Cla1Task5</name>
         <value>0x9c9c</value>
         <object_component_ref idref="oc-15b"/>
      </symbol>
      <symbol id="sm-516">
         <name>Cla1Task8</name>
         <value>0x9b96</value>
         <object_component_ref idref="oc-16d"/>
      </symbol>
      <symbol id="sm-517">
         <name>alpha</name>
         <value>0x9018</value>
         <object_component_ref idref="oc-217"/>
      </symbol>
      <symbol id="sm-518">
         <name>current_var</name>
         <value>0x9000</value>
         <object_component_ref idref="oc-22a"/>
      </symbol>
      <symbol id="sm-519">
         <name>clarke_var</name>
         <value>0x903c</value>
         <object_component_ref idref="oc-20f"/>
      </symbol>
      <symbol id="sm-526">
         <name>tida_setup_relay</name>
         <value>0x82209</value>
         <object_component_ref idref="oc-27e"/>
      </symbol>
      <symbol id="sm-533">
         <name>tida_01606_GPIO_setup_for_SDFM</name>
         <value>0x822ac</value>
         <object_component_ref idref="oc-28a"/>
      </symbol>
      <symbol id="sm-534">
         <name>tida_01606_SDFM_setup_input_control</name>
         <value>0x822ae</value>
         <object_component_ref idref="oc-28a"/>
      </symbol>
      <symbol id="sm-535">
         <name>tida_01606_ePWM11_setup_for_SDFM</name>
         <value>0x822aa</value>
         <object_component_ref idref="oc-28a"/>
      </symbol>
      <symbol id="sm-536">
         <name>tida_01606_eCap_setup_for_SDFM</name>
         <value>0x82282</value>
         <object_component_ref idref="oc-28a"/>
      </symbol>
      <symbol id="sm-537">
         <name>tida_01606_SDFM_setup_sinc_filter</name>
         <value>0x822b0</value>
         <object_component_ref idref="oc-28a"/>
      </symbol>
      <symbol id="sm-538">
         <name>tida_01606_SDFM_setup_comp_module</name>
         <value>0x822b2</value>
         <object_component_ref idref="oc-28a"/>
      </symbol>
      <symbol id="sm-547">
         <name>tida_setupADC</name>
         <value>0x81e86</value>
         <object_component_ref idref="oc-284"/>
      </symbol>
      <symbol id="sm-555">
         <name>tida_setup_ePWM_power</name>
         <value>0x8214d</value>
         <object_component_ref idref="oc-290"/>
      </symbol>
      <symbol id="sm-562">
         <name>tida_epwm_simple_AQ</name>
         <value>0x81e3f</value>
         <object_component_ref idref="oc-296"/>
      </symbol>
      <symbol id="sm-563">
         <name>tida_epwm_simple_CC</name>
         <value>0x81e11</value>
         <object_component_ref idref="oc-296"/>
      </symbol>
      <symbol id="sm-564">
         <name>tida_epwm_simple_ET</name>
         <value>0x81e6e</value>
         <object_component_ref idref="oc-296"/>
      </symbol>
      <symbol id="sm-565">
         <name>tida_epwm_simple_DB_notswap</name>
         <value>0x81e48</value>
         <object_component_ref idref="oc-296"/>
      </symbol>
      <symbol id="sm-566">
         <name>tida_epwm_simple_TB</name>
         <value>0x81dfb</value>
         <object_component_ref idref="oc-296"/>
      </symbol>
      <symbol id="sm-567">
         <name>tida_epwm_simple</name>
         <value>0x81de0</value>
         <object_component_ref idref="oc-296"/>
      </symbol>
      <symbol id="sm-568">
         <name>tida_setup_ePWM_Q</name>
         <value>0x81d22</value>
         <object_component_ref idref="oc-296"/>
      </symbol>
      <symbol id="sm-569">
         <name>tida_epwm_SDFM_CC</name>
         <value>0x81e28</value>
         <object_component_ref idref="oc-296"/>
      </symbol>
      <symbol id="sm-56a">
         <name>tida_epwm_simple_DB_swap</name>
         <value>0x81e5b</value>
         <object_component_ref idref="oc-296"/>
      </symbol>
      <symbol id="sm-56b">
         <name>tida_SDFM_simple</name>
         <value>0x81dd7</value>
         <object_component_ref idref="oc-296"/>
      </symbol>
      <symbol id="sm-578">
         <name>Power_card_protect</name>
         <value>0x821bb</value>
         <object_component_ref idref="oc-278"/>
      </symbol>
      <symbol id="sm-582">
         <name>__claCLAcos_sp</name>
         <value>0x8804</value>
         <object_component_ref idref="oc-2cc"/>
      </symbol>
      <symbol id="sm-583">
         <name>CLAcos</name>
         <value>0x9bfa</value>
         <object_component_ref idref="oc-21d"/>
      </symbol>
      <symbol id="sm-58d">
         <name>CLAdiv</name>
         <value>0x9c6a</value>
         <object_component_ref idref="oc-212"/>
      </symbol>
      <symbol id="sm-58e">
         <name>__claCLAdiv_sp</name>
         <value>0x8804</value>
         <object_component_ref idref="oc-2c6"/>
      </symbol>
      <symbol id="sm-598">
         <name>CLAsin</name>
         <value>0x9c32</value>
         <object_component_ref idref="oc-222"/>
      </symbol>
      <symbol id="sm-599">
         <name>__claCLAsin_sp</name>
         <value>0x8804</value>
         <object_component_ref idref="oc-2ce"/>
      </symbol>
      <symbol id="sm-59b">
         <name>CLAsincosTable_Coef0</name>
         <value>0xfe54</value>
      </symbol>
      <symbol id="sm-59d">
         <name>CLAsincosTable_Coef1_pos</name>
         <value>0xfe58</value>
      </symbol>
      <symbol id="sm-59f">
         <name>CLAsincosTable_Coef1</name>
         <value>0xfe56</value>
      </symbol>
      <symbol id="sm-5a1">
         <name>CLAsincosTable_Coef2</name>
         <value>0xfe5a</value>
      </symbol>
      <symbol id="sm-5a3">
         <name>CLAsincosTable_Coef3_neg</name>
         <value>0xfe5e</value>
      </symbol>
      <symbol id="sm-5a5">
         <name>CLAsincosTable_Coef3</name>
         <value>0xfe5c</value>
      </symbol>
      <symbol id="sm-5a7">
         <name>CLAsincosTable_Cos0</name>
         <value>0xfd4a</value>
      </symbol>
      <symbol id="sm-5a9">
         <name>CLAsincosTable_Sin0</name>
         <value>0xfd0a</value>
      </symbol>
      <symbol id="sm-5ab">
         <name>CLAsincosTable_TABLE_MASK</name>
         <value>0xfe52</value>
      </symbol>
      <symbol id="sm-5ad">
         <name>CLAsincosTable_TABLE_SIZEDivTwoPi</name>
         <value>0xfe4e</value>
      </symbol>
      <symbol id="sm-5af">
         <name>CLAsincosTable_TwoPiDivTABLE_SIZE</name>
         <value>0xfe50</value>
      </symbol>
      <symbol id="sm-5b9">
         <name>_c_int00</name>
         <value>0x823a4</value>
         <object_component_ref idref="oc-a0"/>
      </symbol>
      <symbol id="sm-5ba">
         <name>__stack</name>
         <value>0x400</value>
         <object_component_ref idref="oc-d3"/>
      </symbol>
      <symbol id="sm-5cd">
         <name>memcpy</name>
         <value>0x82387</value>
         <object_component_ref idref="oc-d6"/>
      </symbol>
      <symbol id="sm-5da">
         <name>_system_pre_init</name>
         <value>0x823ee</value>
         <object_component_ref idref="oc-ea"/>
      </symbol>
      <symbol id="sm-5e9">
         <name>__TI_auto_init_nobinit_nopinit</name>
         <value>0x822e5</value>
         <object_component_ref idref="oc-192"/>
      </symbol>
      <symbol id="sm-5f6">
         <name>__TI_zero_init</name>
         <value>0x823e8</value>
         <object_component_ref idref="oc-e4"/>
      </symbol>
      <symbol id="sm-603">
         <name>__TI_decompress_none</name>
         <value>0x823d9</value>
         <object_component_ref idref="oc-99"/>
      </symbol>
      <symbol id="sm-617">
         <name>__TI_decompress_lzss</name>
         <value>0x822b4</value>
         <object_component_ref idref="oc-93"/>
      </symbol>
      <symbol id="sm-62d">
         <name>C$$EXIT</name>
         <value>0x82310</value>
         <object_component_ref idref="oc-f7"/>
      </symbol>
      <symbol id="sm-62e">
         <name>abort</name>
         <value>0x82310</value>
         <object_component_ref idref="oc-f7"/>
      </symbol>
      <symbol id="sm-62f">
         <name>exit</name>
         <value>0x82312</value>
         <object_component_ref idref="oc-f7"/>
      </symbol>
      <symbol id="sm-630">
         <name>__TI_dtors_ptr</name>
         <value>0xb874</value>
         <object_component_ref idref="oc-1ca"/>
      </symbol>
      <symbol id="sm-631">
         <name>__TI_cleanup_ptr</name>
         <value>0xb872</value>
         <object_component_ref idref="oc-1ca"/>
      </symbol>
      <symbol id="sm-632">
         <name>__TI_enable_exit_profile_output</name>
         <value>0xb870</value>
         <object_component_ref idref="oc-1ca"/>
      </symbol>
      <symbol id="sm-649">
         <name>_nop</name>
         <value>0x823d8</value>
         <object_component_ref idref="oc-2a6"/>
      </symbol>
      <symbol id="sm-64a">
         <name>_lock</name>
         <value>0xb876</value>
         <object_component_ref idref="oc-1cd"/>
      </symbol>
      <symbol id="sm-64b">
         <name>_unlock</name>
         <value>0xb878</value>
         <object_component_ref idref="oc-338"/>
      </symbol>
      <symbol id="sm-64c">
         <name>_register_lock</name>
         <value>0x823d4</value>
         <object_component_ref idref="oc-2a6"/>
      </symbol>
      <symbol id="sm-64d">
         <name>_register_unlock</name>
         <value>0x823d0</value>
         <object_component_ref idref="oc-2a6"/>
      </symbol>
      <symbol id="sm-65c">
         <name>_args_main</name>
         <value>0x823bb</value>
         <object_component_ref idref="oc-f1"/>
      </symbol>
      <symbol id="sm-66b">
         <name>memset</name>
         <value>0x823e1</value>
         <object_component_ref idref="oc-189"/>
      </symbol>
      <symbol id="sm-679">
         <name>_system_post_cinit</name>
         <value>0x823f0</value>
         <object_component_ref idref="oc-24b"/>
      </symbol>
      <symbol id="sm-67b">
         <name>__c_args__</name>
         <value>0x0</value>
      </symbol>
   </symbol_table>
   <title>Link successful</title>
</link_info>
